2025-12-18 14:51:07,237 INFO: GreenLife app startup with encryption (loaded from .env) [in E:\web-application-project\blogapp\__init__.py:75]
2025-12-18 14:51:07,257 INFO: Log file location: E:\web-application-project\blogapp\..\logs\greenlife.log [in E:\web-application-project\blogapp\__init__.py:76]
2025-12-18 14:51:07,258 INFO: GreenLife app startup with encryption (loaded from .env) [in E:\web-application-project\blogapp\__init__.py:82]
2025-12-18 14:51:28,777 ERROR: Exception on /log_activity [POST] [in E:\web-application-project\flaskenv\Lib\site-packages\flask\app.py:875]
Traceback (most recent call last):
  File "E:\web-application-project\flaskenv\Lib\site-packages\flask\app.py", line 1511, in wsgi_app
    response = self.full_dispatch_request()
               ^^^^^^^^^^^^^^^^^^^^^^^^^^^^
  File "E:\web-application-project\flaskenv\Lib\site-packages\flask\app.py", line 919, in full_dispatch_request
    rv = self.handle_user_exception(e)
         ^^^^^^^^^^^^^^^^^^^^^^^^^^^^^
  File "E:\web-application-project\flaskenv\Lib\site-packages\flask\app.py", line 917, in full_dispatch_request
    rv = self.dispatch_request()
         ^^^^^^^^^^^^^^^^^^^^^^^
  File "E:\web-application-project\flaskenv\Lib\site-packages\flask\app.py", line 902, in dispatch_request
    return self.ensure_sync(self.view_functions[rule.endpoint])(**view_args)  # type: ignore[no-any-return]
           ^^^^^^^^^^^^^^^^^^^^^^^^^^^^^^^^^^^^^^^^^^^^^^^^^^^^^^^^^^^^^^^^^
  File "E:\web-application-project\flaskenv\Lib\site-packages\flask_login\utils.py", line 290, in decorated_view
    return current_app.ensure_sync(func)(*args, **kwargs)
           ^^^^^^^^^^^^^^^^^^^^^^^^^^^^^^^^^^^^^^^^^^^^^^
  File "E:\web-application-project\blogapp\routes\main.py", line 251, in log_activity
    activity_date=datetime.date.now(),
                  ^^^^^^^^^^^^^^^^^
AttributeError: type object 'datetime.date' has no attribute 'now'
2025-12-18 14:52:06,004 INFO: GreenLife app startup with encryption (loaded from .env) [in E:\web-application-project\blogapp\__init__.py:75]
2025-12-18 14:52:06,005 INFO: Log file location: E:\web-application-project\blogapp\..\logs\greenlife.log [in E:\web-application-project\blogapp\__init__.py:76]
2025-12-18 14:52:06,006 INFO: GreenLife app startup with encryption (loaded from .env) [in E:\web-application-project\blogapp\__init__.py:82]
2025-12-18 14:52:20,932 ERROR: Exception on /log_activity [POST] [in E:\web-application-project\flaskenv\Lib\site-packages\flask\app.py:875]
Traceback (most recent call last):
  File "E:\web-application-project\flaskenv\Lib\site-packages\flask\app.py", line 1511, in wsgi_app
    response = self.full_dispatch_request()
               ^^^^^^^^^^^^^^^^^^^^^^^^^^^^
  File "E:\web-application-project\flaskenv\Lib\site-packages\flask\app.py", line 919, in full_dispatch_request
    rv = self.handle_user_exception(e)
         ^^^^^^^^^^^^^^^^^^^^^^^^^^^^^
  File "E:\web-application-project\flaskenv\Lib\site-packages\flask\app.py", line 917, in full_dispatch_request
    rv = self.dispatch_request()
         ^^^^^^^^^^^^^^^^^^^^^^^
  File "E:\web-application-project\flaskenv\Lib\site-packages\flask\app.py", line 902, in dispatch_request
    return self.ensure_sync(self.view_functions[rule.endpoint])(**view_args)  # type: ignore[no-any-return]
           ^^^^^^^^^^^^^^^^^^^^^^^^^^^^^^^^^^^^^^^^^^^^^^^^^^^^^^^^^^^^^^^^^
  File "E:\web-application-project\flaskenv\Lib\site-packages\flask_login\utils.py", line 290, in decorated_view
    return current_app.ensure_sync(func)(*args, **kwargs)
           ^^^^^^^^^^^^^^^^^^^^^^^^^^^^^^^^^^^^^^^^^^^^^^
  File "E:\web-application-project\blogapp\routes\main.py", line 251, in log_activity
    activity_date=datetime.now(),
                  ^^^^^^^^^^^^
AttributeError: module 'datetime' has no attribute 'now'
2025-12-18 14:53:53,373 INFO: GreenLife app startup with encryption (loaded from .env) [in E:\web-application-project\blogapp\__init__.py:75]
2025-12-18 14:53:53,374 INFO: Log file location: E:\web-application-project\blogapp\..\logs\greenlife.log [in E:\web-application-project\blogapp\__init__.py:76]
2025-12-18 14:53:53,375 INFO: GreenLife app startup with encryption (loaded from .env) [in E:\web-application-project\blogapp\__init__.py:82]
2025-12-18 14:55:29,468 INFO: GreenLife app startup with encryption (loaded from .env) [in E:\web-application-project\blogapp\__init__.py:75]
2025-12-18 14:55:29,469 INFO: Log file location: E:\web-application-project\blogapp\..\logs\greenlife.log [in E:\web-application-project\blogapp\__init__.py:76]
2025-12-18 14:55:29,471 INFO: GreenLife app startup with encryption (loaded from .env) [in E:\web-application-project\blogapp\__init__.py:82]
2025-12-18 14:56:27,488 INFO: GreenLife app startup with encryption (loaded from .env) [in E:\web-application-project\blogapp\__init__.py:75]
2025-12-18 14:56:27,489 INFO: Log file location: E:\web-application-project\blogapp\..\logs\greenlife.log [in E:\web-application-project\blogapp\__init__.py:76]
2025-12-18 14:56:27,490 INFO: GreenLife app startup with encryption (loaded from .env) [in E:\web-application-project\blogapp\__init__.py:82]
2025-12-18 15:03:06,790 INFO: GreenLife app startup with encryption (loaded from .env) [in E:\web-application-project\blogapp\__init__.py:75]
2025-12-18 15:03:06,791 INFO: Log file location: E:\web-application-project\blogapp\..\logs\greenlife.log [in E:\web-application-project\blogapp\__init__.py:76]
2025-12-18 15:03:06,792 INFO: GreenLife app startup with encryption (loaded from .env) [in E:\web-application-project\blogapp\__init__.py:82]
2025-12-18 15:43:29,241 INFO: GreenLife app startup with encryption (loaded from .env) [in E:\web-application-project\blogapp\__init__.py:75]
2025-12-18 15:43:29,242 INFO: Log file location: E:\web-application-project\blogapp\..\logs\greenlife.log [in E:\web-application-project\blogapp\__init__.py:76]
2025-12-18 15:43:29,244 INFO: GreenLife app startup with encryption (loaded from .env) [in E:\web-application-project\blogapp\__init__.py:82]
2025-12-18 15:45:32,985 INFO: GreenLife app startup with encryption (loaded from .env) [in E:\web-application-project\blogapp\__init__.py:75]
2025-12-18 15:45:32,987 INFO: Log file location: E:\web-application-project\blogapp\..\logs\greenlife.log [in E:\web-application-project\blogapp\__init__.py:76]
2025-12-18 15:45:32,991 INFO: GreenLife app startup with encryption (loaded from .env) [in E:\web-application-project\blogapp\__init__.py:82]
